// Jest Snapshot v1, https://goo.gl/fbAQLP

exports[`renders homepage unchanged 1`] = `
<div>
  <div
    class="container"
  >
    <main>
      <h2
        class="chakra-heading css-0"
      >
        Hello world!
      </h2>
      <div
        class="css-0"
      >
        <ul
          class="css-me00nr"
          role="list"
        >
          <div
            class="css-ntb69z"
          >
            No chat messages
          </div>
        </ul>
        <form>
          <div
            class="css-1xhj18k"
          >
            <input
              class="chakra-input css-1id8hns"
              id="message"
              placeholder="Send your message"
            />
            <button
              class="chakra-button css-4xx2wk"
              type="submit"
            >
              Send
            </button>
          </div>
        </form>
      </div>
    </main>
    <footer
      class="footer"
    >
      Footer
    </footer>
  </div>
</div>
`;
